// Jest Snapshot v1, https://goo.gl/fbAQLP

exports[`interface doesn't change when you search with an empty input 1`] = `
<div
  class="App"
>
  <header
    class="nav-header"
  >
    <div
      class="nav-container"
    >
      <a
        class="nav-logo"
        href="/"
      >
        Volver al home
      </a>
      <a
        class="nav-help"
        href="https://www.mercadolibre.com.ar/ayuda"
      >
        Ayuda
      </a>
    </div>
  </header>
  <main>
    <section>
      <div
        class="search-container"
      >
        <form
          class="search-form"
        >
          <label
            for="searchById"
          >
            Indic√° el id del producto
          </label>
          <div
            class="input-container"
          >
            <div
              class="input-with-icons"
            >
              <input
                id="searchById"
                placeholder="EJ: MLA14186171"
                type="text"
                value=""
              />
              <button
                class="search-button"
              >
                Buscar
              </button>
              <button
                class="icon-button-search"
              >
                <svg
                  clip-rule="evenodd"
                  fill="gray"
                  fill-rule="evenodd"
                  height="24"
                  width="24"
                  xmlns="http://www.w3.org/2000/svg"
                >
                  <path
                    d="M15.853 16.56c-1.683 1.517-3.911 2.44-6.353 2.44-5.243 0-9.5-4.257-9.5-9.5s4.257-9.5 9.5-9.5 9.5 4.257 9.5 9.5c0 2.442-.923 4.67-2.44 6.353l7.44 7.44-.707.707-7.44-7.44zm-6.353-15.56c4.691 0 8.5 3.809 8.5 8.5s-3.809 8.5-8.5 8.5-8.5-3.809-8.5-8.5 3.809-8.5 8.5-8.5z"
                  />
                </svg>
              </button>
            </div>
          </div>
        </form>
      </div>
    </section>
  </main>
</div>
`;
